\BOOKMARK [1][-]{section*.8}{\376\377\000\040\000D\000A\000N\000H\000\040\000M\036\344\000C\000\040\000T\000H\000U\036\254\000T\000\040\000N\000G\036\356\000\040\000V\000\300\000\040\000V\000I\036\276\000T\000\040\000T\036\256\000T}{}% 1
\BOOKMARK [1][-]{section*.9}{\376\377\000\040\000D\000A\000N\000H\000\040\000M\036\344\000C\000\040\000H\000\314\000N\000H\000\040\000V\036\274}{}% 2
\BOOKMARK [1][-]{section*.10}{\376\377\000\040\000D\000A\000N\000H\000\040\000M\036\344\000C\000\040\000B\036\242\000N\000G\000\040\000B\000I\036\302\000U}{}% 3
\BOOKMARK [1][-]{section*.11}{\376\377\000T\000\323\000M\000\040\000T\036\256\000T\000\040\001\020\036\322\000\040\000\301\000N}{}% 4
\BOOKMARK [1][-]{section*.11}{\376\377\000C\000H\001\257\001\240\000N\000G\000\040\0001\000.\000\040\000M\036\336\000\040\001\020\036\246\000U}{}% 5
\BOOKMARK [2][-]{subsection.1.1}{\376\377\000B\036\321\000i\000\040\000c\036\243\000n\000h\000\040\000v\000\340\000\040\000t\000\355\000n\000h\000\040\000c\036\245\000p\000\040\000t\000h\000i\036\277\000t\000\040\000c\036\347\000a\000\040\001\021\036\301\000\040\000t\000\340\000i}{section*.11}% 6
\BOOKMARK [2][-]{subsection.1.2}{\376\377\001\020\036\267\000t\000\040\000v\036\245\000n\000\040\001\021\036\301}{section*.11}% 7
\BOOKMARK [2][-]{subsection.1.3}{\376\377\000H\036\241\000n\000\040\000c\000h\036\277\000\040\000c\036\347\000a\000\040\000c\000\341\000c\000\040\000t\000h\001\260\000\040\000v\000i\036\307\000n\000\040\000v\000\340\000\040\000m\000\364\000\040\000h\000\354\000n\000h\000\040\000n\000h\036\255\000n\000\040\000d\000i\036\307\000n\000\040\000p\000h\036\325\000\040\000b\000i\036\277\000n\000\040\000h\000i\036\307\000n\000\040\000n\000a\000y}{section*.11}% 8
\BOOKMARK [2][-]{subsection.1.4}{\376\377\000M\036\345\000c\000\040\000t\000i\000\352\000u\000\040\000n\000g\000h\000i\000\352\000n\000\040\000c\036\351\000u}{section*.11}% 9
\BOOKMARK [2][-]{subsection.1.5}{\376\377\000P\000h\036\241\000m\000\040\000v\000i\000\040\000n\000g\000h\000i\000\352\000n\000\040\000c\036\351\000u}{section*.11}% 10
\BOOKMARK [2][-]{subsection.1.6}{\376\377\000B\036\321\000\040\000c\036\345\000c\000\040\001\021\036\323\000\040\000\341\000n}{section*.11}% 11
\BOOKMARK [1][-]{subsection.1.6}{\376\377\000C\000H\001\257\001\240\000N\000G\000\040\0002\000.\000\040\000C\001\240\000\040\000S\036\336\000\040\000L\000\335\000\040\000T\000H\000U\000Y\036\276\000T\000\040\000V\000\300\000\040\000T\036\324\000N\000G\000\040\000Q\000U\000A\000N\000\040\000T\000\300\000I\000\040\000L\000I\036\306\000U}{}% 12
\BOOKMARK [2][-]{subsection.2.1}{\376\377\000Q\000u\000y\000\040\000t\000r\000\354\000n\000h\000\040\000p\000h\000\342\000n\000\040\000t\000\355\000c\000h\000\040\000k\000h\000u\000\364\000n\000\040\000m\036\267\000t\000\040\000t\000h\000\355\000c\000h\000\040\036\351\000n\000g\000\040\0005\000\040\000g\000i\000a\000i\000\040\001\021\000o\036\241\000n}{subsection.1.6}% 13
\BOOKMARK [3][-]{subsubsection.2.1.1}{\376\377\000P\000h\000\341\000t\000\040\000h\000i\036\307\000n\000\040\000k\000h\000u\000\364\000n\000\040\000m\036\267\000t\000\040\000\050\000D\000e\000t\000e\000c\000t\000\051}{subsection.2.1}% 14
\BOOKMARK [3][-]{subsubsection.2.1.2}{\376\377\000C\001\003\000n\000\040\000c\000h\036\311\000n\000h\000\040\000k\000h\000u\000\364\000n\000\040\000m\036\267\000t\000\040\000t\000h\000\355\000c\000h\000\040\036\351\000n\000g\000\040\000\050\000A\000l\000i\000g\000n\000\051}{subsection.2.1}% 15
\BOOKMARK [3][-]{subsubsection.2.1.3}{\376\377\000C\000h\000u\036\251\000n\000\040\000h\000\363\000a\000\040\000h\000\354\000n\000h\000\040\036\243\000n\000h\000\040\000v\000\340\000\040\000k\036\277\000t\000\040\000c\036\245\000u\000\040\000d\000a\000\040\000\050\000N\000o\000r\000m\000a\000l\000i\000z\000e\000\051}{subsection.2.1}% 16
\BOOKMARK [3][-]{subsubsection.2.1.4}{\376\377\000B\000i\036\303\000u\000\040\000d\000i\036\305\000n\000\040\001\021\036\267\000c\000\040\000t\000r\001\260\000n\000g\000\040\001\021\000a\000\040\000p\000h\000\342\000n\000\040\000v\000\371\000n\000g\000\040\000v\000\340\000\040\001\021\036\331\000n\000g\000\040\000l\036\361\000c\000\040\000h\036\315\000c\000\040\000\050\000R\000e\000p\000r\000e\000s\000e\000n\000t\000\051}{subsection.2.1}% 17
\BOOKMARK [3][-]{subsubsection.2.1.5}{\376\377\000X\000\341\000c\000\040\000t\000h\036\361\000c\000\040\000t\000h\000\355\000c\000h\000\040\036\351\000n\000g\000\040\001\021\000a\000\040\000t\000i\000\352\000u\000\040\000c\000h\000\355\000\040\000\050\000V\000e\000r\000i\000f\000y\000\051}{subsection.2.1}% 18
\BOOKMARK [1][-]{equation.5}{\376\377\000C\000H\001\257\001\240\000N\000G\000\040\0003\000.\000\040\000P\000H\001\257\001\240\000N\000G\000\040\000P\000H\000\301\000P\000\040\000N\000G\000H\000I\000\312\000N\000\040\000C\036\350\000U\000\040\000V\000\300\000\040\000T\000H\000I\036\276\000T\000\040\000K\036\276\000\040\000H\036\306\000\040\000T\000H\036\320\000N\000G}{}% 19
\BOOKMARK [1][-]{equation.5}{\376\377\000C\000H\001\257\001\240\000N\000G\000\040\0004\000.\000\040\000K\036\276\000T\000\040\000Q\000U\036\242\000\040\000T\000H\036\360\000C\000\040\000N\000G\000H\000I\036\306\000M\000\040\000V\000\300\000\040\000T\000H\036\242\000O\000\040\000L\000U\036\254\000N}{}% 20
\BOOKMARK [1][-]{section*.12}{\376\377\000T\000\300\000I\000\040\000L\000I\036\306\000U\000\040\000T\000H\000A\000M\000\040\000K\000H\036\242\000O}{}% 21
\BOOKMARK [1][-]{section*.13}{\376\377\000\040\000P\000H\036\344\000\040\000L\036\344\000C}{}% 22
